Release 13.4 - xst O.87xd (lin64)
Copyright (c) 1995-2011 Xilinx, Inc.  All rights reserved.
--> 
Parameter TMPDIR set to xst/projnav.tmp


Total REAL time to Xst completion: 0.00 secs
Total CPU time to Xst completion: 0.04 secs
 
--> 
Parameter xsthdpdir set to xst


Total REAL time to Xst completion: 0.00 secs
Total CPU time to Xst completion: 0.04 secs
 
--> 
Reading design: fsm.prj

TABLE OF CONTENTS
  1) Synthesis Options Summary
  2) HDL Compilation
  3) Design Hierarchy Analysis
  4) HDL Analysis
  5) HDL Synthesis
     5.1) HDL Synthesis Report
  6) Advanced HDL Synthesis
     6.1) Advanced HDL Synthesis Report
  7) Low Level Synthesis
  8) Partition Report
  9) Final Report
	9.1) Device utilization summary
	9.2) Partition Resource Summary
	9.3) TIMING REPORT


=========================================================================
*                      Synthesis Options Summary                        *
=========================================================================
---- Source Parameters
Input File Name                    : "fsm.prj"
Input Format                       : mixed
Ignore Synthesis Constraint File   : NO

---- Target Parameters
Output File Name                   : "fsm"
Output Format                      : NGC
Target Device                      : xc3s500e-5-fg320

---- Source Options
Top Module Name                    : fsm
Automatic FSM Extraction           : YES
FSM Encoding Algorithm             : Auto
Safe Implementation                : No
FSM Style                          : LUT
RAM Extraction                     : Yes
RAM Style                          : Auto
ROM Extraction                     : Yes
Mux Style                          : Auto
Decoder Extraction                 : YES
Priority Encoder Extraction        : Yes
Shift Register Extraction          : YES
Logical Shifter Extraction         : YES
XOR Collapsing                     : YES
ROM Style                          : Auto
Mux Extraction                     : Yes
Resource Sharing                   : YES
Asynchronous To Synchronous        : NO
Multiplier Style                   : Auto
Automatic Register Balancing       : No

---- Target Options
Add IO Buffers                     : YES
Global Maximum Fanout              : 100000
Add Generic Clock Buffer(BUFG)     : 24
Register Duplication               : YES
Slice Packing                      : YES
Optimize Instantiated Primitives   : NO
Use Clock Enable                   : Yes
Use Synchronous Set                : Yes
Use Synchronous Reset              : Yes
Pack IO Registers into IOBs        : Auto
Equivalent register Removal        : YES

---- General Options
Optimization Goal                  : Speed
Optimization Effort                : 1
Keep Hierarchy                     : No
Netlist Hierarchy                  : As_Optimized
RTL Output                         : Yes
Global Optimization                : AllClockNets
Read Cores                         : YES
Write Timing Constraints           : NO
Cross Clock Analysis               : NO
Hierarchy Separator                : /
Bus Delimiter                      : <>
Case Specifier                     : Maintain
Slice Utilization Ratio            : 100
BRAM Utilization Ratio             : 100
Verilog 2001                       : YES
Auto BRAM Packing                  : NO
Slice Utilization Ratio Delta      : 5

=========================================================================


=========================================================================
*                          HDL Compilation                              *
=========================================================================
Compiling verilog file "fsm.v" in library work
Module <fsm> compiled
Module <clockdivider> compiled
No errors in compilation
Analysis of file <"fsm.prj"> succeeded.
 

=========================================================================
*                     Design Hierarchy Analysis                         *
=========================================================================
Analyzing hierarchy for module <fsm> in library <work>.

Analyzing hierarchy for module <clockdivider> in library <work> with parameters.
	DIVISOR = "0101111101011110000100000000"


=========================================================================
*                            HDL Analysis                               *
=========================================================================
Analyzing top module <fsm>.
Module <fsm> is correct for synthesis.
 
Analyzing module <clockdivider> in library <work>.
	DIVISOR = 28'b0101111101011110000100000000
Module <clockdivider> is correct for synthesis.
 

=========================================================================
*                           HDL Synthesis                               *
=========================================================================

Performing bidirectional port resolution...

Synthesizing Unit <clockdivider>.
    Related source file is "fsm.v".
    Found 29-bit up counter for signal <counter>.
    Found 29-bit comparator greatequal for signal <counter$cmp_ge0000> created at line 145.
    Summary:
	inferred   1 Counter(s).
	inferred   1 Comparator(s).
Unit <clockdivider> synthesized.


Synthesizing Unit <fsm>.
    Related source file is "fsm.v".
    Found 4-bit register for signal <state>.
    Found 1-bit register for signal <flag0>.
    Found 1-bit register for signal <flag1>.
    Summary:
	inferred   6 D-type flip-flop(s).
Unit <fsm> synthesized.


=========================================================================
HDL Synthesis Report

Macro Statistics
# Counters                                             : 1
 29-bit up counter                                     : 1
# Registers                                            : 1
 4-bit register                                        : 1
# Comparators                                          : 1
 29-bit comparator greatequal                          : 1

=========================================================================

=========================================================================
*                       Advanced HDL Synthesis                          *
=========================================================================


=========================================================================
Advanced HDL Synthesis Report

Macro Statistics
# Counters                                             : 1
 29-bit up counter                                     : 1
# Registers                                            : 4
 Flip-Flops                                            : 4
# Comparators                                          : 1
 29-bit comparator greatequal                          : 1

=========================================================================

=========================================================================
*                         Low Level Synthesis                           *
=========================================================================

Optimizing unit <fsm> ...

Mapping all equations...
Building and optimizing final netlist ...
Found area constraint ratio of 100 (+ 5) on block fsm, actual ratio is 0.

Final Macro Processing ...

=========================================================================
Final Register Report

Macro Statistics
# Registers                                            : 33
 Flip-Flops                                            : 33

=========================================================================

=========================================================================
*                           Partition Report                            *
=========================================================================

Partition Implementation Status
-------------------------------

  No Partitions were found in this design.

-------------------------------

=========================================================================
*                            Final Report                               *
=========================================================================
Final Results
RTL Top Level Output File Name     : fsm.ngr
Top Level Output File Name         : fsm
Output Format                      : NGC
Optimization Goal                  : Speed
Keep Hierarchy                     : No

Design Statistics
# IOs                              : 9

Cell Usage :
# BELS                             : 137
#      GND                         : 1
#      INV                         : 5
#      LUT1                        : 32
#      LUT2                        : 1
#      LUT3_D                      : 1
#      LUT4                        : 17
#      LUT4_D                      : 1
#      MUXCY                       : 49
#      VCC                         : 1
#      XORCY                       : 29
# FlipFlops/Latches                : 33
#      FDE                         : 4
#      FDR                         : 29
# Clock Buffers                    : 1
#      BUFGP                       : 1
# IO Buffers                       : 8
#      IBUF                        : 3
#      OBUF                        : 5
=========================================================================

Device utilization summary:
---------------------------

Selected Device : 3s500efg320-5 

 Number of Slices:                       30  out of   4656     0%  
 Number of Slice Flip Flops:             33  out of   9312     0%  
 Number of 4 input LUTs:                 57  out of   9312     0%  
 Number of IOs:                           9
 Number of bonded IOBs:                   9  out of    232     3%  
 Number of GCLKs:                         1  out of     24     4%  

---------------------------
Partition Resource Summary:
---------------------------

  No Partitions were found in this design.

---------------------------


=========================================================================
TIMING REPORT

NOTE: THESE TIMING NUMBERS ARE ONLY A SYNTHESIS ESTIMATE.
      FOR ACCURATE TIMING INFORMATION PLEASE REFER TO THE TRACE REPORT
      GENERATED AFTER PLACE-and-ROUTE.

Clock Information:
------------------
-----------------------------------+------------------------+-------+
Clock Signal                       | Clock buffer(FF name)  | Load  |
-----------------------------------+------------------------+-------+
CLK                                | BUFGP                  | 33    |
-----------------------------------+------------------------+-------+

Asynchronous Control Signals Information:
----------------------------------------
No asynchronous control signals found in this design

Timing Summary:
---------------
Speed Grade: -5

   Minimum period: 4.855ns (Maximum Frequency: 205.955MHz)
   Minimum input arrival time before clock: 3.407ns
   Maximum output required time after clock: 5.342ns
   Maximum combinational path delay: No path found

Timing Detail:
--------------
All values displayed in nanoseconds (ns)

=========================================================================
Timing constraint: Default period analysis for Clock 'CLK'
  Clock period: 4.855ns (frequency: 205.955MHz)
  Total number of paths / destination ports: 1408 / 66
-------------------------------------------------------------------------
Delay:               4.855ns (Levels of Logic = 14)
  Source:            D1/counter_0 (FF)
  Destination:       D1/counter_0 (FF)
  Source Clock:      CLK rising
  Destination Clock: CLK rising

  Data Path: D1/counter_0 to D1/counter_0
                                Gate     Net
    Cell:in->out      fanout   Delay   Delay  Logical Name (Net Name)
    ----------------------------------------  ------------
     FDR:C->Q              3   0.514   0.603  D1/counter_0 (D1/counter_0)
     LUT4:I0->O            1   0.612   0.000  D1/Mcompar_counter_cmp_ge0000_lut<0> (D1/Mcompar_counter_cmp_ge0000_lut<0>)
     MUXCY:S->O            1   0.404   0.000  D1/Mcompar_counter_cmp_ge0000_cy<0> (D1/Mcompar_counter_cmp_ge0000_cy<0>)
     MUXCY:CI->O           1   0.052   0.000  D1/Mcompar_counter_cmp_ge0000_cy<1> (D1/Mcompar_counter_cmp_ge0000_cy<1>)
     MUXCY:CI->O           1   0.052   0.000  D1/Mcompar_counter_cmp_ge0000_cy<2> (D1/Mcompar_counter_cmp_ge0000_cy<2>)
     MUXCY:CI->O           1   0.052   0.000  D1/Mcompar_counter_cmp_ge0000_cy<3> (D1/Mcompar_counter_cmp_ge0000_cy<3>)
     MUXCY:CI->O           1   0.052   0.000  D1/Mcompar_counter_cmp_ge0000_cy<4> (D1/Mcompar_counter_cmp_ge0000_cy<4>)
     MUXCY:CI->O           1   0.052   0.000  D1/Mcompar_counter_cmp_ge0000_cy<5> (D1/Mcompar_counter_cmp_ge0000_cy<5>)
     MUXCY:CI->O           1   0.052   0.000  D1/Mcompar_counter_cmp_ge0000_cy<6> (D1/Mcompar_counter_cmp_ge0000_cy<6>)
     MUXCY:CI->O           1   0.052   0.000  D1/Mcompar_counter_cmp_ge0000_cy<7> (D1/Mcompar_counter_cmp_ge0000_cy<7>)
     MUXCY:CI->O           1   0.052   0.000  D1/Mcompar_counter_cmp_ge0000_cy<8> (D1/Mcompar_counter_cmp_ge0000_cy<8>)
     MUXCY:CI->O           1   0.052   0.000  D1/Mcompar_counter_cmp_ge0000_cy<9> (D1/Mcompar_counter_cmp_ge0000_cy<9>)
     MUXCY:CI->O           1   0.052   0.000  D1/Mcompar_counter_cmp_ge0000_cy<10> (D1/Mcompar_counter_cmp_ge0000_cy<10>)
     MUXCY:CI->O           1   0.052   0.000  D1/Mcompar_counter_cmp_ge0000_cy<11> (D1/Mcompar_counter_cmp_ge0000_cy<11>)
     MUXCY:CI->O          29   0.289   1.072  D1/Mcompar_counter_cmp_ge0000_cy<12> (D1/counter_cmp_ge0000)
     FDR:R                     0.795          D1/counter_0
    ----------------------------------------
    Total                      4.855ns (3.180ns logic, 1.675ns route)
                                       (65.5% logic, 34.5% route)

=========================================================================
Timing constraint: Default OFFSET IN BEFORE for Clock 'CLK'
  Total number of paths / destination ports: 10 / 4
-------------------------------------------------------------------------
Offset:              3.407ns (Levels of Logic = 3)
  Source:            ONE (PAD)
  Destination:       state_1 (FF)
  Destination Clock: CLK rising

  Data Path: ONE to state_1
                                Gate     Net
    Cell:in->out      fanout   Delay   Delay  Logical Name (Net Name)
    ----------------------------------------  ------------
     IBUF:I->O             2   1.106   0.449  ONE_IBUF (ONE_IBUF)
     LUT4_D:I1->O          1   0.612   0.360  state_mux0000<3>_SW0 (N10)
     LUT4:I3->O            1   0.612   0.000  state_mux0000<2> (state_mux0000<2>)
     FDE:D                     0.268          state_1
    ----------------------------------------
    Total                      3.407ns (2.598ns logic, 0.809ns route)
                                       (76.3% logic, 23.7% route)

=========================================================================
Timing constraint: Default OFFSET OUT AFTER for Clock 'CLK'
  Total number of paths / destination ports: 8 / 5
-------------------------------------------------------------------------
Offset:              5.342ns (Levels of Logic = 2)
  Source:            state_1 (FF)
  Destination:       OUT (PAD)
  Source Clock:      CLK rising

  Data Path: state_1 to OUT
                                Gate     Net
    Cell:in->out      fanout   Delay   Delay  Logical Name (Net Name)
    ----------------------------------------  ------------
     FDE:C->Q              5   0.514   0.690  state_1 (state_1)
     LUT4:I0->O            1   0.612   0.357  OUT1 (OUT_OBUF)
     OBUF:I->O                 3.169          OUT_OBUF (OUT)
    ----------------------------------------
    Total                      5.342ns (4.295ns logic, 1.047ns route)
                                       (80.4% logic, 19.6% route)

=========================================================================


Total REAL time to Xst completion: 3.00 secs
Total CPU time to Xst completion: 3.05 secs
 
--> 


Total memory usage is 517940 kilobytes

Number of errors   :    0 (   0 filtered)
Number of warnings :    0 (   0 filtered)
Number of infos    :    0 (   0 filtered)

